// Jest Snapshot v1, https://goo.gl/fbAQLP

exports[`Headline matches snapshot 1`] = `
<div>
  <h1
    class="headline"
  >
    This is a headline
  </h1>
</div>
`;
